// Jest Snapshot v1, https://goo.gl/fbAQLP

exports[`Test MyAppointmentDetail test My appointment rendering  1`] = `
<div>
  loading...
</div>
`;
