// Jest Snapshot v1, https://goo.gl/fbAQLP

exports[`Test NavBar test Navbar component 1`] = `undefined`;
